%!Adobe-FontList 1.13
%Locale:0x416

%BeginFont
Handler:DirectoryHandler
FontType:TrueType
FontName:ArialMT
FamilyName:Arial
StyleName:Regular
FullName:Arial
MenuName:Arial
StyleBits:0
WritingScript:Roman
OutlineFileName:C:\Users\thiago\mestrado-arq finais\cap05 Folder\Document fonts\arial.ttf
DataFormat:sfntData
FileLength:778552
FileModTime:1305066845
WeightClass:400
WidthClass:5
AngleClass:0
%EndFont

%BeginFont
Handler:DirectoryHandler
FontType:TrueType
FontName:Arial-BoldMT
FamilyName:Arial
StyleName:Bold
FullName:Arial Bold
MenuName:Arial
StyleBits:2
WritingScript:Roman
OutlineFileName:C:\Users\thiago\mestrado-arq finais\cap05 Folder\Document fonts\arialbd.ttf
DataFormat:sfntData
FileLength:749004
FileModTime:1295217124
WeightClass:700
WidthClass:5
AngleClass:0
%EndFont

%BeginFont
Handler:DirectoryHandler
FontType:TrueType
FontName:Arial-BoldItalicMT
FamilyName:Arial
StyleName:Bold Italic
FullName:Arial Bold Italic
MenuName:Arial
StyleBits:3
WritingScript:Roman
OutlineFileName:C:\Users\thiago\mestrado-arq finais\cap05 Folder\Document fonts\arialbi.ttf
DataFormat:sfntData
FileLength:561924
FileModTime:1295217124
WeightClass:700
WidthClass:5
AngleClass:1
%EndFont

%BeginFont
Handler:DirectoryHandler
FontType:TrueType
FontName:Arial-ItalicMT
FamilyName:Arial
StyleName:Italic
FullName:Arial Italic
MenuName:Arial
StyleBits:1
WritingScript:Roman
OutlineFileName:C:\Users\thiago\mestrado-arq finais\cap05 Folder\Document fonts\ariali.ttf
DataFormat:sfntData
FileLength:555884
FileModTime:1295217124
WeightClass:400
WidthClass:5
AngleClass:1
%EndFont

%BeginFont
Handler:DirectoryHandler
FontType:TrueType
FontName:Arial-Black
FamilyName:Arial
StyleName:Black
FullName:Arial Black
MenuName:Arial Black
StyleBits:0
WritingScript:Roman
OutlineFileName:C:\Users\thiago\mestrado-arq finais\cap05 Folder\Document fonts\ariblk.ttf
DataFormat:sfntData
FileLength:119876
FileModTime:1244666594
WeightClass:900
WidthClass:5
AngleClass:0
%EndFont

%BeginFont
Handler:DirectoryHandler
FontType:Type1
FontName:DINPro-Bold
FamilyName:DINPro
StyleName:Bold
FullName:DINPro-Bold
MenuName:DINPro-Bold
StyleBits:0
WritingScript:Roman
OutlineFileName:C:\Users\thiago\mestrado-arq finais\cap05 Folder\Document fonts\DINPRO-BOLD.OTF
DataFormat:sfntData
UsesStandardEncoding:yes
isCFF:yes
FileLength:90228
FileModTime:1143636360
WeightClass:700
WidthClass:5
AngleClass:0
%EndFont

%BeginFont
Handler:DirectoryHandler
FontType:Type1
FontName:DINPro-Light
FamilyName:DINPro
StyleName:Light
FullName:DINPro-Light
MenuName:DINPro-Light
StyleBits:0
WritingScript:Roman
OutlineFileName:C:\Users\thiago\mestrado-arq finais\cap05 Folder\Document fonts\DINPRO-LIGHT.OTF
DataFormat:sfntData
UsesStandardEncoding:yes
isCFF:yes
FileLength:88240
FileModTime:1143636360
WeightClass:300
WidthClass:5
AngleClass:0
%EndFont

%BeginFont
Handler:DirectoryHandler
FontType:Type1
FontName:DINPro-Medium
FamilyName:DINPro
StyleName:Medium
FullName:DINPro-Medium
MenuName:DINPro-Medium
StyleBits:0
WritingScript:Roman
OutlineFileName:C:\Users\thiago\mestrado-arq finais\cap05 Folder\Document fonts\DINPRO-MEDIUM.OTF
DataFormat:sfntData
UsesStandardEncoding:yes
isCFF:yes
FileLength:89060
FileModTime:1143636360
WeightClass:500
WidthClass:5
AngleClass:0
%EndFont

%BeginFont
Handler:DirectoryHandler
FontType:Type1
FontName:DINPro-Regular
FamilyName:DINPro
StyleName:Regular
FullName:DINPro-Regular
MenuName:DINPro-Regular
StyleBits:0
WritingScript:Roman
OutlineFileName:C:\Users\thiago\mestrado-arq finais\cap05 Folder\Document fonts\DINPRO-REGULAR.OTF
DataFormat:sfntData
UsesStandardEncoding:yes
isCFF:yes
FileLength:87364
FileModTime:1143636360
WeightClass:400
WidthClass:5
AngleClass:0
%EndFont

%BeginFont
Handler:DirectoryHandler
FontType:Type1
FontName:MinionPro-Regular
FamilyName:Minion Pro
StyleName:Regular
FullName:Minion Pro
MenuName:Minion Pro
StyleBits:0
WritingScript:Roman
OutlineFileName:C:\Users\thiago\mestrado-arq finais\cap05 Folder\Document fonts\MINIONPRO-REGULAR.OTF
DataFormat:sfntData
UsesStandardEncoding:yes
isCFF:yes
FileLength:235436
FileModTime:1188223717
WeightClass:400
WidthClass:5
AngleClass:0
DesignSize:110
%EndFont

%BeginFont
Handler:DirectoryHandler
FontType:Type1
FontName:MyriadPro-Regular
FamilyName:Myriad Pro
StyleName:Regular
FullName:Myriad Pro
MenuName:Myriad Pro
StyleBits:0
WritingScript:Roman
OutlineFileName:C:\Users\thiago\mestrado-arq finais\cap05 Folder\Document fonts\MyriadPro-Regular.otf
DataFormat:sfntData
UsesStandardEncoding:yes
isCFF:yes
FileLength:94360
FileModTime:1265298434
WeightClass:400
WidthClass:5
AngleClass:0
DesignSize:110
%EndFont

